[2025-04-12T12:25:05.348Z] INFO: Database connected Sucessfully!!
[2025-04-12T12:25:05.354Z] INFO: Server running at http://localhost:5000
[2025-04-12T12:25:34.116Z] INFO: GET /
[2025-04-12T12:25:34.334Z] INFO: GET /favicon.ico
[2025-04-12T12:26:08.860Z] INFO: GET /api/v1/api-docs
[2025-04-12T12:26:08.881Z] INFO: GET /api/v1/api-docs/
[2025-04-12T12:26:08.918Z] INFO: GET /api/v1/api-docs/swagger-ui.css
[2025-04-12T12:26:08.923Z] INFO: GET /api/v1/api-docs/swagger-ui-bundle.js
[2025-04-12T12:26:08.927Z] INFO: GET /api/v1/api-docs/swagger-ui-standalone-preset.js
[2025-04-12T12:26:08.941Z] INFO: GET /api/v1/api-docs/swagger-ui-init.js
[2025-04-12T12:26:09.498Z] INFO: GET /api/v1/api-docs/favicon-32x32.png
[2025-04-12T12:26:31.228Z] INFO: GET /api/v1/product/allproducts
[2025-04-12T12:28:22.607Z] INFO: Database connected Sucessfully!!
[2025-04-12T12:28:22.612Z] INFO: Server running at http://localhost:5000
[2025-04-12T12:28:30.978Z] INFO: GET /api/v1/api-docs/
[2025-04-12T12:28:31.027Z] INFO: GET /api/v1/api-docs/swagger-ui.css
[2025-04-12T12:28:31.035Z] INFO: GET /api/v1/api-docs/swagger-ui-bundle.js
[2025-04-12T12:28:31.038Z] INFO: GET /api/v1/api-docs/swagger-ui-standalone-preset.js
[2025-04-12T12:28:31.041Z] INFO: GET /api/v1/api-docs/swagger-ui-init.js
[2025-04-12T12:28:31.309Z] INFO: GET /api/v1/api-docs/favicon-32x32.png
[2025-04-12T12:28:35.968Z] INFO: GET /api/v1/product/allproducts
[2025-04-12T12:29:13.801Z] INFO: Database connected Sucessfully!!
[2025-04-12T12:29:13.806Z] INFO: Server running at http://localhost:5000
[2025-04-12T12:30:26.108Z] INFO: POST /api/v1/product/createProduct
[2025-04-12T12:30:34.476Z] INFO: GET /api/v1/product/allproducts
[2025-04-12T12:31:15.937Z] INFO: GET /api/v1/product/getProductById/1
[2025-04-12T12:32:04.475Z] INFO: Database connected Sucessfully!!
[2025-04-12T12:32:04.479Z] INFO: Server running at http://localhost:5000
[2025-04-12T12:32:29.808Z] INFO: GET /api/v1/api-docs/
[2025-04-12T12:32:29.880Z] INFO: GET /api/v1/api-docs/swagger-ui.css
[2025-04-12T12:32:29.896Z] INFO: GET /api/v1/api-docs/swagger-ui-bundle.js
[2025-04-12T12:32:29.905Z] INFO: GET /api/v1/api-docs/swagger-ui-init.js
[2025-04-12T12:32:29.909Z] INFO: GET /api/v1/api-docs/swagger-ui-standalone-preset.js
[2025-04-12T12:32:30.124Z] INFO: GET /api/v1/api-docs/favicon-32x32.png
[2025-04-12T12:32:40.454Z] INFO: GET /api/v1/product/getProductById/1
[2025-04-12T12:34:16.321Z] INFO: Database connected Sucessfully!!
[2025-04-12T12:34:16.327Z] INFO: Server running at http://localhost:5000
[2025-04-12T12:35:02.299Z] INFO: Database connected Sucessfully!!
[2025-04-12T12:35:02.304Z] INFO: Server running at http://localhost:5000
[2025-04-12T12:35:11.075Z] INFO: Database connected Sucessfully!!
[2025-04-12T12:35:11.079Z] INFO: Server running at http://localhost:5000
[2025-04-12T12:35:16.736Z] INFO: GET /api/v1/api-docs/
[2025-04-12T12:35:16.795Z] INFO: GET /api/v1/api-docs/swagger-ui.css
[2025-04-12T12:35:16.805Z] INFO: GET /api/v1/api-docs/swagger-ui-bundle.js
[2025-04-12T12:35:16.808Z] INFO: GET /api/v1/api-docs/swagger-ui-standalone-preset.js
[2025-04-12T12:35:16.810Z] INFO: GET /api/v1/api-docs/swagger-ui-init.js
[2025-04-12T12:35:17.005Z] INFO: GET /api/v1/api-docs/favicon-32x32.png
[2025-04-12T12:35:26.148Z] INFO: GET /api/v1/product/getProductById/1
[2025-04-12T12:35:51.564Z] INFO: PUT /api/v1/product/updateProductById/1
[2025-04-12T12:35:59.578Z] INFO: GET /api/v1/product/getProductById/1
[2025-04-12T12:36:13.803Z] INFO: DELETE /api/v1/product/deleteProductById/1
[2025-04-12T12:36:19.665Z] INFO: GET /api/v1/product/getProductById/1
[2025-04-12T12:36:30.202Z] INFO: GET /api/v1/product/allproducts
[2025-04-12T12:36:32.364Z] INFO: GET /api/v1/api-docs/
[2025-04-12T12:36:32.414Z] INFO: GET /api/v1/api-docs/swagger-ui.css
[2025-04-12T12:36:32.419Z] INFO: GET /api/v1/api-docs/swagger-ui-bundle.js
[2025-04-12T12:36:32.426Z] INFO: GET /api/v1/api-docs/swagger-ui-standalone-preset.js
[2025-04-12T12:36:32.432Z] INFO: GET /api/v1/api-docs/swagger-ui-init.js
[2025-04-12T12:36:32.777Z] INFO: GET /api/v1/api-docs/favicon-32x32.png
[2025-04-12T12:40:40.298Z] INFO: Database connected Sucessfully!!
[2025-04-12T12:40:40.303Z] INFO: Server running at http://localhost:5000
[2025-04-12T12:41:07.725Z] INFO: Database connected Sucessfully!!
[2025-04-12T12:41:07.730Z] INFO: Server running at http://localhost:5000
[2025-04-12T12:42:23.709Z] INFO: Database connected Sucessfully!!
[2025-04-12T12:42:23.714Z] INFO: Server running at http://localhost:5000
[2025-04-12T12:42:48.564Z] INFO: Database connected Sucessfully!!
[2025-04-12T12:42:48.569Z] INFO: Server running at http://localhost:5000
[2025-04-12T12:47:36.549Z] INFO: Database connected Sucessfully!!
[2025-04-12T12:47:36.551Z] INFO: Server running at http://localhost:5000
[2025-04-12T12:47:45.474Z] INFO: GET /api/v1/api-docs/
[2025-04-12T12:47:45.501Z] INFO: GET /api/v1/api-docs/swagger-ui.css
[2025-04-12T12:47:45.504Z] INFO: GET /api/v1/api-docs/swagger-ui-init.js
[2025-04-12T12:47:45.508Z] INFO: GET /api/v1/api-docs/swagger-ui-bundle.js
[2025-04-12T12:47:45.510Z] INFO: GET /api/v1/api-docs/swagger-ui-standalone-preset.js
[2025-04-12T12:47:45.578Z] INFO: GET /api/v1/api-docs/favicon-32x32.png
[2025-04-12T12:47:47.339Z] INFO: GET /api/v1/api-docs/
[2025-04-12T12:47:47.351Z] INFO: GET /api/v1/api-docs/swagger-ui.css
[2025-04-12T12:47:47.353Z] INFO: GET /api/v1/api-docs/swagger-ui-bundle.js
[2025-04-12T12:47:47.356Z] INFO: GET /api/v1/api-docs/swagger-ui-standalone-preset.js
[2025-04-12T12:47:47.357Z] INFO: GET /api/v1/api-docs/swagger-ui-init.js
[2025-04-12T12:47:47.446Z] INFO: GET /api/v1/api-docs/favicon-32x32.png
[2025-04-12T12:47:57.960Z] INFO: POST /api/v1/product/createProduct
[2025-04-12T12:48:06.840Z] INFO: GET /api/v1/product/allproducts
[2025-04-12T13:24:05.030Z] INFO: Database connected Sucessfully!!
[2025-04-12T13:24:05.036Z] INFO: Server running at http://localhost:5000
[2025-04-12T13:31:54.715Z] INFO: Database connected Sucessfully!!
[2025-04-12T13:31:54.719Z] INFO: Server running at http://localhost:5000
[2025-04-12T13:32:01.466Z] INFO: Database connected Sucessfully!!
[2025-04-12T13:32:01.471Z] INFO: Server running at http://localhost:5000
[2025-04-12T13:32:18.642Z] INFO: Database connected Sucessfully!!
[2025-04-12T13:32:18.646Z] INFO: Server running at http://localhost:5000
[2025-04-12T13:32:24.354Z] INFO: Database connected Sucessfully!!
[2025-04-12T13:32:24.360Z] INFO: Server running at http://localhost:5000
[2025-04-12T13:32:52.444Z] INFO: Database connected Sucessfully!!
[2025-04-12T13:32:52.448Z] INFO: Server running at http://localhost:5000
[2025-04-12T13:56:59.693Z] INFO: Database connected Sucessfully!!
[2025-04-12T13:56:59.697Z] INFO: Server running at http://localhost:5000
[2025-04-12T16:47:05.230Z] INFO: GET /product/allproducts
[2025-04-12T16:47:10.401Z] INFO: GET /product/allproducts
[2025-04-12T16:47:12.432Z] INFO: GET /product/allproducts
[2025-04-12T16:47:16.447Z] INFO: GET /product/allproducts
[2025-04-12T16:47:36.042Z] INFO: GET /product/allproducts
[2025-04-12T16:47:37.154Z] INFO: GET /product/allproducts
[2025-04-12T16:47:39.211Z] INFO: GET /product/allproducts
[2025-04-12T16:47:46.638Z] INFO: GET /product/allproducts
[2025-04-12T16:47:48.602Z] INFO: GET /product/allproducts
[2025-04-12T16:48:02.415Z] INFO: GET /product/allproducts
[2025-04-12T16:48:13.821Z] INFO: GET /api/v1/api-docs/
[2025-04-12T16:48:14.041Z] INFO: GET /api/v1/api-docs/swagger-ui-bundle.js
[2025-04-12T16:48:14.048Z] INFO: GET /api/v1/api-docs/swagger-ui-standalone-preset.js
[2025-04-12T16:48:14.087Z] INFO: GET /api/v1/api-docs/swagger-ui-init.js
[2025-04-12T16:48:14.119Z] INFO: GET /api/v1/api-docs/swagger-ui.css
[2025-04-12T16:48:20.348Z] INFO: GET /api/v1/product/allproducts
[2025-04-12T16:48:23.856Z] INFO: GET /product/allproducts
[2025-04-12T16:48:30.872Z] INFO: GET /product/allproducts
[2025-04-12T16:48:31.911Z] INFO: GET /product/allproducts
[2025-04-12T16:48:33.936Z] INFO: GET /product/allproducts
[2025-04-12T16:48:37.953Z] INFO: GET /product/allproducts
[2025-04-12T16:49:15.723Z] INFO: GET /api/v1/product/allproducts
[2025-04-12T16:49:17.498Z] INFO: GET /api/v1/product/allproducts
[2025-04-12T16:49:19.548Z] INFO: GET /api/v1/product/allproducts
[2025-04-12T16:49:20.368Z] INFO: GET /api/v1/product/allproducts
[2025-04-12T16:49:21.422Z] INFO: GET /api/v1/product/allproducts
[2025-04-12T16:49:23.472Z] INFO: GET /api/v1/product/allproducts
[2025-04-12T16:49:27.504Z] INFO: GET /api/v1/product/allproducts
[2025-04-12T16:49:37.464Z] INFO: GET /api/v1/product/allproducts
[2025-04-12T16:49:53.177Z] INFO: GET /api/v1/product/allproducts
[2025-04-12T16:49:56.302Z] INFO: GET /api/v1/product/allproducts
[2025-04-12T16:49:58.369Z] INFO: GET /api/v1/product/allproducts
[2025-04-12T16:49:59.174Z] INFO: GET /api/v1/product/allproducts
[2025-04-12T16:50:00.284Z] INFO: GET /api/v1/product/allproducts
[2025-04-12T16:50:02.324Z] INFO: GET /api/v1/product/allproducts
[2025-04-12T16:50:06.339Z] INFO: GET /api/v1/product/allproducts
[2025-04-12T16:50:25.023Z] INFO: GET /api/v1/product/allproducts
[2025-04-12T16:50:26.376Z] INFO: GET /api/v1/product/allproducts
[2025-04-12T16:50:28.514Z] INFO: GET /api/v1/product/allproducts
[2025-04-12T16:50:32.538Z] INFO: GET /api/v1/product/allproducts
[2025-04-12T16:55:32.131Z] INFO: GET /api/v1/product/allproducts
[2025-04-12T16:55:33.171Z] INFO: GET /api/v1/product/allproducts
[2025-04-12T16:55:34.219Z] INFO: GET /api/v1/product/allproducts
[2025-04-12T16:55:35.251Z] INFO: GET /api/v1/product/allproducts
[2025-04-12T17:57:21.912Z] INFO: Database connected Sucessfully!!
[2025-04-12T17:57:21.917Z] INFO: Server running at http://localhost:5000
[2025-04-12T17:58:14.207Z] INFO: GET /api/v1/product/allproducts
[2025-04-12T18:16:48.188Z] INFO: GET /api/v1/product/allproducts
[2025-04-12T18:23:14.113Z] INFO: GET /api/v1/product/allproducts
[2025-04-12T18:23:20.952Z] INFO: GET /api/v1/product/allproducts
[2025-04-12T18:23:51.931Z] INFO: GET /api/v1/product/allproducts
[2025-04-12T18:24:07.322Z] INFO: GET /api/v1/product/allproducts
[2025-04-12T18:24:07.502Z] INFO: GET /api/v1/product/allproducts
[2025-04-12T18:24:26.784Z] INFO: DELETE /api/v1/product/deleteProductById/17224633-8a34-49af-b96f-24eaddbe688f
[2025-04-12T18:24:27.197Z] INFO: GET /api/v1/product/allproducts
[2025-04-12T18:24:32.880Z] INFO: GET /api/v1/product/allproducts
[2025-04-12T18:24:37.349Z] INFO: GET /api/v1/product/allproducts
[2025-04-12T18:24:40.341Z] INFO: GET /api/v1/product/allproducts
[2025-04-12T18:25:51.403Z] INFO: POST /api/v1/product/createProduct
[2025-04-12T18:25:56.253Z] INFO: GET /api/v1/product/allproducts
[2025-04-12T18:26:59.507Z] INFO: GET /api/v1/product/allproducts
[2025-04-12T18:27:12.292Z] INFO: GET /api/v1/product/allproducts
[2025-04-12T18:35:32.100Z] INFO: GET /api/v1/product/allproducts
[2025-04-12T18:35:40.500Z] INFO: GET /api/v1/product/allproducts
[2025-04-12T18:35:42.602Z] INFO: GET /api/v1/product/allproducts
[2025-04-12T18:36:19.995Z] INFO: GET /api/v1/product/allproducts
[2025-04-12T18:38:02.421Z] INFO: GET /api/v1/product/allproducts
[2025-04-12T18:38:06.395Z] INFO: GET /api/v1/product/allproducts
[2025-04-12T18:38:07.658Z] INFO: GET /api/v1/product/allproducts
[2025-04-12T18:38:27.993Z] INFO: GET /api/v1/product/allproducts
[2025-04-12T18:38:29.876Z] INFO: GET /api/v1/product/allproducts
[2025-04-12T18:38:47.189Z] INFO: GET /api/v1/product/allproducts
[2025-04-12T18:38:57.031Z] INFO: GET /api/v1/product/allproducts
[2025-04-12T18:41:13.889Z] INFO: GET /api/v1/product/allproducts
[2025-04-12T18:41:40.635Z] INFO: GET /api/v1/product/allproducts
[2025-04-12T18:41:59.030Z] INFO: GET /api/v1/product/allproducts
[2025-04-12T18:42:18.220Z] INFO: GET /api/v1/product/allproducts
[2025-04-12T18:42:29.817Z] INFO: GET /api/v1/product/allproducts
[2025-04-12T18:42:33.761Z] INFO: GET /api/v1/product/allproducts
[2025-04-12T18:42:56.731Z] INFO: GET /api/v1/product/allproducts
[2025-04-12T18:45:44.513Z] INFO: GET /api/v1/product/allproducts
[2025-04-12T18:46:12.057Z] INFO: GET /api/v1/product/allproducts
[2025-04-12T18:46:14.871Z] INFO: GET /api/v1/product/allproducts
[2025-04-12T19:07:44.649Z] INFO: GET /api/v1/product/allproducts
[2025-04-12T19:07:54.922Z] INFO: GET /api/v1/product/allproducts
[2025-04-12T19:09:38.641Z] INFO: GET /api/v1/product/allproducts
[2025-04-12T19:10:15.410Z] INFO: GET /api/v1/product/allproducts
[2025-04-12T19:10:30.343Z] INFO: GET /api/v1/product/allproducts
[2025-04-12T19:10:34.240Z] INFO: GET /api/v1/product/allproducts
[2025-04-12T19:10:54.691Z] INFO: GET /api/v1/product/allproducts
[2025-04-12T19:10:56.729Z] INFO: GET /api/v1/product/allproducts
[2025-04-12T19:12:48.525Z] INFO: GET /api/v1/product/allproducts
[2025-04-12T19:13:12.536Z] INFO: GET /api/v1/product/allproducts
[2025-04-12T19:13:15.310Z] INFO: GET /api/v1/product/allproducts
[2025-04-12T19:14:58.856Z] INFO: GET /api/v1/product/allproducts
[2025-04-12T19:15:01.929Z] INFO: GET /api/v1/product/allproducts
[2025-04-12T19:15:05.017Z] INFO: GET /api/v1/product/allproducts
[2025-04-12T19:15:17.208Z] INFO: GET /api/v1/product/allproducts
[2025-04-12T19:15:24.890Z] INFO: GET /api/v1/product/allproducts
[2025-04-12T19:15:57.055Z] INFO: GET /api/v1/product/allproducts
[2025-04-12T19:15:59.882Z] INFO: GET /api/v1/product/allproducts
[2025-04-12T19:16:01.303Z] INFO: GET /api/v1/product/allproducts
[2025-04-12T19:16:01.707Z] INFO: GET /api/v1/product/allproducts
[2025-04-12T19:16:09.507Z] INFO: GET /api/v1/product/allproducts
[2025-04-12T19:16:11.547Z] INFO: GET /api/v1/product/allproducts
[2025-04-12T19:16:11.633Z] INFO: GET /api/v1/product/allproducts
[2025-04-12T19:16:12.347Z] INFO: GET /api/v1/product/allproducts
[2025-04-12T19:16:18.812Z] INFO: GET /api/v1/product/allproducts
[2025-04-12T19:16:34.999Z] INFO: GET /api/v1/product/allproducts
[2025-04-12T19:17:08.518Z] INFO: GET /api/v1/product/allproducts
[2025-04-12T19:18:06.037Z] INFO: GET /api/v1/product/allproducts
[2025-04-12T19:18:56.249Z] INFO: GET /api/v1/product/allproducts
[2025-04-12T19:19:01.173Z] INFO: GET /api/v1/product/allproducts
[2025-04-12T19:19:38.158Z] INFO: GET /api/v1/product/allproducts
[2025-04-12T19:19:51.372Z] INFO: GET /api/v1/product/allproducts
[2025-04-12T19:20:25.990Z] INFO: GET /api/v1/product/allproducts
[2025-04-12T19:27:02.120Z] INFO: GET /api/v1/product/allproducts
[2025-04-12T19:27:02.608Z] INFO: GET /api/v1/product/allproducts
[2025-04-12T19:27:16.608Z] INFO: GET /api/v1/product/allproducts
[2025-04-12T19:27:18.805Z] INFO: GET /api/v1/product/allproducts
[2025-04-12T19:27:19.981Z] INFO: GET /api/v1/product/allproducts
[2025-04-12T19:27:20.489Z] INFO: GET /api/v1/product/allproducts
[2025-04-12T19:27:21.744Z] INFO: GET /api/v1/product/allproducts
[2025-04-12T19:27:22.351Z] INFO: GET /api/v1/product/allproducts
[2025-04-12T19:27:25.234Z] INFO: GET /api/v1/product/allproducts
[2025-04-12T19:27:56.845Z] INFO: GET /api/v1/product/allproducts
[2025-04-12T19:27:58.232Z] INFO: GET /api/v1/product/allproducts
[2025-04-12T19:30:19.092Z] INFO: GET /api/v1/product/allproducts
[2025-04-12T19:31:20.080Z] INFO: GET /api/v1/product/allproducts
[2025-04-12T19:31:49.292Z] INFO: GET /api/v1/product/allproducts
[2025-04-12T19:32:17.957Z] INFO: GET /api/v1/product/allproducts
[2025-04-12T19:32:38.496Z] INFO: GET /api/v1/product/allproducts
[2025-04-12T19:33:22.048Z] INFO: GET /api/v1/product/allproducts
[2025-04-12T19:34:35.607Z] INFO: GET /api/v1/product/allproducts
[2025-04-12T19:35:30.819Z] INFO: GET /api/v1/product/allproducts
[2025-04-12T19:36:02.204Z] INFO: GET /api/v1/product/allproducts
[2025-04-12T19:36:05.227Z] INFO: GET /api/v1/product/allproducts
[2025-04-12T19:37:25.888Z] INFO: GET /api/v1/product/allproducts
[2025-04-12T19:40:09.384Z] INFO: GET /api/v1/product/allproducts
[2025-04-12T19:41:01.579Z] INFO: GET /api/v1/product/allproducts
[2025-04-12T19:45:30.217Z] INFO: GET /api/v1/product/allproducts
[2025-04-12T19:49:21.447Z] INFO: Database connected Sucessfully!!
[2025-04-12T19:49:21.450Z] INFO: Server running at http://localhost:5000
[2025-04-12T19:49:53.482Z] INFO: Database connected Sucessfully!!
[2025-04-12T19:49:53.484Z] INFO: Server running at http://localhost:5000
[2025-04-12T19:49:59.613Z] INFO: Database connected Sucessfully!!
[2025-04-12T19:49:59.618Z] INFO: Server running at http://localhost:5000
[2025-04-12T19:50:06.966Z] INFO: Database connected Sucessfully!!
[2025-04-12T19:50:06.969Z] INFO: Server running at http://localhost:5000
[2025-04-12T19:50:44.728Z] INFO: Database connected Sucessfully!!
[2025-04-12T19:50:44.730Z] INFO: Server running at http://localhost:5000
[2025-04-12T19:50:57.184Z] INFO: Database connected Sucessfully!!
[2025-04-12T19:50:57.188Z] INFO: Server running at http://localhost:5000
[2025-04-12T19:51:23.162Z] INFO: GET /api/v1/product/allproducts
[2025-04-12T20:02:22.696Z] INFO: GET /api/v1/product/allproducts
[2025-04-12T20:02:48.604Z] INFO: GET /api/v1/product/allproducts
[2025-04-12T20:02:59.508Z] INFO: GET /api/v1/product/allproducts
[2025-04-12T20:03:26.559Z] INFO: GET /api/v1/product/allproducts
[2025-04-12T20:03:28.346Z] INFO: GET /api/v1/product/allproducts
[2025-04-12T20:04:04.185Z] INFO: GET /api/v1/product/allproducts
[2025-04-12T20:04:18.888Z] INFO: GET /api/v1/product/allproducts
[2025-04-12T20:04:38.992Z] INFO: GET /api/v1/product/allproducts
[2025-04-12T20:04:41.360Z] INFO: GET /api/v1/product/allproducts
[2025-04-12T20:05:24.812Z] INFO: GET /api/v1/product/allproducts
[2025-04-12T20:06:21.979Z] INFO: GET /api/v1/product/allproducts
[2025-04-12T20:08:31.456Z] INFO: GET /api/v1/product/allproducts
[2025-04-12T20:10:32.119Z] INFO: GET /api/v1/product/allproducts
[2025-04-12T20:10:40.040Z] INFO: GET /api/v1/product/allproducts
[2025-04-12T20:11:10.166Z] INFO: GET /api/v1/product/allproducts
[2025-04-12T20:11:15.983Z] INFO: GET /api/v1/product/allproducts
[2025-04-12T20:13:29.593Z] INFO: GET /api/v1/product/allproducts
[2025-04-12T20:13:46.392Z] INFO: GET /api/v1/product/allproducts
[2025-04-12T20:14:38.337Z] INFO: GET /api/v1/product/allproducts
[2025-04-12T20:16:08.558Z] INFO: GET /api/v1/product/allproducts
[2025-04-12T20:16:10.845Z] INFO: GET /api/v1/product/allproducts
[2025-04-12T20:17:09.233Z] INFO: GET /api/v1/product/allproducts
[2025-04-12T20:17:51.649Z] INFO: GET /api/v1/product/allproducts
[2025-04-12T20:17:53.497Z] INFO: GET /api/v1/product/allproducts
[2025-04-12T20:18:12.015Z] INFO: POST /api/v1/product/createProduct
[2025-04-12T20:18:34.255Z] INFO: GET /api/v1/product/allproducts
[2025-04-12T20:18:36.743Z] INFO: POST /api/v1/product/createProduct
[2025-04-12T20:19:25.008Z] INFO: Database connected Sucessfully!!
[2025-04-12T20:19:25.012Z] INFO: Server running at http://localhost:5000
[2025-04-12T20:21:37.227Z] INFO: GET /api/v1/product/allproducts
[2025-04-12T20:21:40.674Z] INFO: GET /api/v1/product/allproducts
[2025-04-12T20:22:04.368Z] INFO: POST /api/v1/product/createProduct
[2025-04-12T20:22:29.444Z] INFO: GET /api/v1/product/allproducts
[2025-04-12T20:23:41.904Z] INFO: Database connected Sucessfully!!
[2025-04-12T20:23:41.909Z] INFO: Server running at http://localhost:5000
[2025-04-12T20:23:43.238Z] INFO: GET /api/v1/product/allproducts
[2025-04-12T20:23:45.356Z] INFO: POST /api/v1/product/createProduct
[2025-04-12T20:24:18.668Z] INFO: Database connected Sucessfully!!
[2025-04-12T20:24:18.672Z] INFO: Server running at http://localhost:5000
[2025-04-12T20:24:20.422Z] INFO: GET /api/v1/product/allproducts
[2025-04-12T20:24:21.954Z] INFO: POST /api/v1/product/createProduct
[2025-04-12T20:24:40.189Z] INFO: GET /api/v1/product/allproducts
[2025-04-12T20:25:59.520Z] INFO: GET /api/v1/product/allproducts
[2025-04-12T20:26:06.472Z] INFO: GET /api/v1/product/allproducts
[2025-04-12T20:27:46.989Z] INFO: Database connected Sucessfully!!
[2025-04-12T20:27:46.992Z] INFO: Server running at http://localhost:5000
[2025-04-12T20:28:38.462Z] INFO: Database connected Sucessfully!!
[2025-04-12T20:28:38.466Z] INFO: Server running at http://localhost:5000
[2025-04-12T20:29:52.834Z] INFO: GET /api/v1/product/allproducts
[2025-04-12T20:30:03.376Z] INFO: GET /api/v1/product/allproducts
[2025-04-12T20:30:04.564Z] INFO: POST /api/v1/product/createProduct
[2025-04-12T20:30:04.677Z] INFO: GET /api/v1/product/allproducts
[2025-04-12T20:30:16.397Z] INFO: GET /api/v1/product/allproducts
[2025-04-12T20:30:38.442Z] INFO: GET /uploads/1744489804579-59071370.jpg
[2025-04-12T20:30:46.012Z] INFO: GET /api/v1/product/allproducts
[2025-04-12T20:31:25.243Z] INFO: Database connected Sucessfully!!
[2025-04-12T20:31:25.247Z] INFO: Server running at http://localhost:5000
[2025-04-12T20:31:26.293Z] INFO: GET /api/v1/product/allproducts
[2025-04-12T20:31:46.552Z] INFO: POST /api/v1/product/createProduct
[2025-04-12T20:31:59.733Z] INFO: POST /api/v1/product/createProduct
[2025-04-12T20:32:14.033Z] INFO: POST /api/v1/product/createProduct
[2025-04-12T20:33:08.131Z] INFO: GET /api/v1/product/allproducts
[2025-04-12T20:33:20.706Z] INFO: POST /api/v1/product/createProduct
[2025-04-12T20:33:21.019Z] INFO: GET /api/v1/product/allproducts
[2025-04-12T20:33:44.488Z] INFO: GET /api/v1/product/allproducts
[2025-04-12T20:36:01.096Z] INFO: GET /uploads/1744490000898-820475682.png
[2025-04-12T20:36:01.104Z] INFO: GET /uploads/1744489804579-59071370.jpg
[2025-04-12T20:36:37.479Z] INFO: GET /api/v1/product/allproducts
[2025-04-12T20:36:57.257Z] INFO: GET /api/v1/product/allproducts
[2025-04-12T20:37:07.410Z] INFO: GET /api/v1/product/allproducts
[2025-04-12T20:37:31.443Z] INFO: GET /api/v1/product/allproducts
[2025-04-12T20:37:46.971Z] INFO: GET /api/v1/product/allproducts
[2025-04-12T20:38:06.109Z] INFO: GET /api/v1/product/allproducts
[2025-04-12T20:38:42.630Z] INFO: GET /api/v1/product/allproducts
[2025-04-12T20:39:20.075Z] INFO: GET /api/v1/product/allproducts
[2025-04-12T20:40:49.213Z] INFO: GET /api/v1/product/allproducts
[2025-04-12T20:41:01.772Z] INFO: GET /api/v1/product/allproducts
[2025-04-12T20:42:59.107Z] INFO: GET /api/v1/product/allproducts
[2025-04-12T20:43:10.671Z] INFO: DELETE /api/v1/product/deleteProductById/c78d9473-ba8b-4a25-b02d-23cfc614d435
[2025-04-12T20:43:37.106Z] INFO: DELETE /api/v1/product/deleteProductById/c78d9473-ba8b-4a25-b02d-23cfc614d435
[2025-04-12T20:45:01.546Z] INFO: Database connected Sucessfully!!
[2025-04-12T20:45:01.551Z] INFO: Server running at http://localhost:5000
[2025-04-12T20:45:03.361Z] INFO: GET /api/v1/product/allproducts
[2025-04-12T20:45:06.425Z] INFO: DELETE /api/v1/product/deleteProductById/c78d9473-ba8b-4a25-b02d-23cfc614d435
[2025-04-12T20:45:06.488Z] INFO: GET /api/v1/product/allproducts
[2025-04-12T20:45:38.657Z] INFO: Database connected Sucessfully!!
[2025-04-12T20:45:38.661Z] INFO: Server running at http://localhost:5000
[2025-04-12T20:45:53.607Z] INFO: Database connected Sucessfully!!
[2025-04-12T20:45:53.611Z] INFO: Server running at http://localhost:5000
[2025-04-12T20:46:01.552Z] INFO: Database connected Sucessfully!!
[2025-04-12T20:46:01.555Z] INFO: Server running at http://localhost:5000
[2025-04-12T20:46:12.498Z] INFO: Database connected Sucessfully!!
[2025-04-12T20:46:12.502Z] INFO: Server running at http://localhost:5000
[2025-04-12T20:46:33.838Z] INFO: Database connected Sucessfully!!
[2025-04-12T20:46:33.841Z] INFO: Server running at http://localhost:5000
[2025-04-12T20:46:36.900Z] INFO: GET /api/v1/product/allproducts
[2025-04-12T20:53:03.696Z] INFO: GET /api/v1/product/allproducts
[2025-04-12T20:53:23.662Z] INFO: PUT /api/v1/product/updateProductById/868fa200-c77a-48d8-86ff-ed196fd2e112
[2025-04-12T20:53:23.805Z] INFO: GET /api/v1/product/allproducts
[2025-04-12T20:53:34.762Z] INFO: GET /api/v1/product/allproducts
[2025-04-12T20:53:34.824Z] INFO: GET /uploads/1744490000898-820475682.png
[2025-04-12T20:53:34.846Z] INFO: GET /uploads/1744489804579-59071370.jpg
[2025-04-12T20:53:48.302Z] INFO: PUT /api/v1/product/updateProductById/868fa200-c77a-48d8-86ff-ed196fd2e112
[2025-04-12T20:53:48.404Z] INFO: GET /api/v1/product/allproducts
[2025-04-12T20:55:42.691Z] INFO: Database connected Sucessfully!!
[2025-04-12T20:55:42.695Z] INFO: Server running at http://localhost:5000
[2025-04-12T20:56:04.565Z] INFO: Database connected Sucessfully!!
[2025-04-12T20:56:04.569Z] INFO: Server running at http://localhost:5000
[2025-04-12T20:56:32.750Z] INFO: Database connected Sucessfully!!
[2025-04-12T20:56:32.754Z] INFO: Server running at http://localhost:5000
[2025-04-12T20:56:32.864Z] INFO: GET /api/v1/product/allproducts
[2025-04-12T20:56:42.074Z] INFO: PUT /api/v1/product/updateProductById/8dbe1e59-f139-4dda-8d32-11b373630bb5
[2025-04-12T20:57:35.979Z] INFO: Database connected Sucessfully!!
[2025-04-12T20:57:35.983Z] INFO: Server running at http://localhost:5000
[2025-04-12T20:57:50.648Z] INFO: Database connected Sucessfully!!
[2025-04-12T20:57:50.652Z] INFO: Server running at http://localhost:5000
[2025-04-12T20:57:57.569Z] INFO: GET /api/v1/product/allproducts
[2025-04-12T20:58:01.106Z] INFO: GET /api/v1/product/allproducts
[2025-04-12T20:58:01.161Z] INFO: GET /uploads/1744490000898-820475682.png
[2025-04-12T20:58:01.174Z] INFO: GET /uploads/1744489804579-59071370.jpg
[2025-04-12T20:58:12.386Z] INFO: PUT /api/v1/product/updateProductById/8dbe1e59-f139-4dda-8d32-11b373630bb5
[2025-04-12T21:00:36.597Z] INFO: Database connected Sucessfully!!
[2025-04-12T21:00:36.601Z] INFO: Server running at http://localhost:5000
[2025-04-12T21:00:45.544Z] INFO: Database connected Sucessfully!!
[2025-04-12T21:00:45.549Z] INFO: Server running at http://localhost:5000
[2025-04-12T21:02:51.869Z] INFO: Database connected Sucessfully!!
[2025-04-12T21:02:59.490Z] INFO: Database connected Sucessfully!!
[2025-04-12T21:03:37.489Z] INFO: Database connected Sucessfully!!
[2025-04-12T21:04:00.691Z] INFO: GET /api/v1/product/allproducts
[2025-04-12T21:04:03.390Z] INFO: GET /api/v1/product/allproducts
[2025-04-12T21:04:03.459Z] INFO: GET /uploads/1744490000898-820475682.png
[2025-04-12T21:04:03.470Z] INFO: GET /uploads/1744489804579-59071370.jpg
[2025-04-12T21:04:13.352Z] INFO: PUT /api/v1/product/updateProductById/8dbe1e59-f139-4dda-8d32-11b373630bb5
[2025-04-12T21:05:35.640Z] INFO: Database connected Sucessfully!!
[2025-04-12T21:06:42.460Z] INFO: Database connected Sucessfully!!
[2025-04-12T21:07:25.690Z] INFO: GET /api/v1/product/allproducts
[2025-04-12T21:07:26.680Z] INFO: PUT /api/v1/product/updateProductById/8dbe1e59-f139-4dda-8d32-11b373630bb5
[2025-04-12T21:10:37.029Z] INFO: GET /api/v1/product/allproducts
[2025-04-12T21:10:37.080Z] INFO: GET /uploads/1744490000898-820475682.png
[2025-04-12T21:10:37.090Z] INFO: GET /uploads/1744489804579-59071370.jpg
[2025-04-12T21:10:48.351Z] INFO: GET /api/v1/product/allproducts
[2025-04-12T21:10:48.420Z] INFO: GET /uploads/1744490000898-820475682.png
[2025-04-12T21:10:48.431Z] INFO: GET /uploads/1744489804579-59071370.jpg
[2025-04-12T21:10:52.967Z] INFO: GET /api/v1/product/allproducts
[2025-04-12T21:11:13.932Z] INFO: POST /api/v1/product/createProduct
[2025-04-12T21:11:14.168Z] INFO: GET /api/v1/product/allproducts
[2025-04-12T21:11:14.229Z] INFO: GET /uploads/1744492274060-262961688.png
[2025-04-12T21:11:29.745Z] INFO: PUT /api/v1/product/updateProductById/ccbc73eb-41fc-4891-a11c-75885dbf5d72
[2025-04-12T21:14:08.974Z] INFO: GET /api/v1/product/allproducts
[2025-04-12T21:14:09.240Z] INFO: GET /uploads/1744490000898-820475682.png
[2025-04-12T21:14:09.251Z] INFO: GET /uploads/1744489804579-59071370.jpg
[2025-04-12T21:14:09.256Z] INFO: GET /uploads/1744492274060-262961688.png
[2025-04-12T21:14:14.865Z] INFO: GET /api/v1/product/allproducts
[2025-04-12T21:14:17.573Z] INFO: GET /api/v1/product/allproducts
[2025-04-12T21:14:17.621Z] INFO: GET /uploads/1744490000898-820475682.png
[2025-04-12T21:14:17.626Z] INFO: GET /uploads/1744489804579-59071370.jpg
[2025-04-12T21:14:17.637Z] INFO: GET /uploads/1744492274060-262961688.png
[2025-04-12T21:14:26.179Z] INFO: PUT /api/v1/product/updateProductById/ccbc73eb-41fc-4891-a11c-75885dbf5d72
[2025-04-12T21:14:26.357Z] INFO: GET /api/v1/product/allproducts
[2025-04-12T21:14:26.408Z] INFO: GET /uploads/1744492466187-386019385.png
[2025-04-12T21:14:59.945Z] INFO: PUT /api/v1/product/updateProductById/ccbc73eb-41fc-4891-a11c-75885dbf5d72
[2025-04-12T21:15:18.173Z] INFO: PUT /api/v1/product/updateProductById/ccbc73eb-41fc-4891-a11c-75885dbf5d72
[2025-04-12T21:15:23.793Z] INFO: PUT /api/v1/product/updateProductById/ccbc73eb-41fc-4891-a11c-75885dbf5d72
[2025-04-12T21:15:39.454Z] INFO: PUT /api/v1/product/updateProductById/ccbc73eb-41fc-4891-a11c-75885dbf5d72
[2025-04-12T21:15:39.641Z] INFO: GET /api/v1/product/allproducts
[2025-04-12T21:15:39.720Z] INFO: GET /uploads/1744492539475-675758547.png
[2025-04-12T21:16:02.339Z] INFO: DELETE /api/v1/product/deleteProductById/8dbe1e59-f139-4dda-8d32-11b373630bb5
[2025-04-12T21:16:02.360Z] INFO: GET /api/v1/product/allproducts
[2025-04-12T21:16:57.074Z] INFO: GET /api/v1/product/allproducts
[2025-04-12T21:17:13.411Z] INFO: GET /api/v1/product/allproducts
[2025-04-12T21:17:23.872Z] INFO: Database connected Sucessfully!!
[2025-04-12T21:17:30.788Z] INFO: GET /api/v1/product/allproducts
[2025-04-12T21:17:31.471Z] INFO: Database connected Sucessfully!!
[2025-04-12T21:18:00.296Z] INFO: GET /api/v1/product/allproducts
[2025-04-12T21:19:19.610Z] INFO: GET /api/v1/product/allproducts
[2025-04-12T21:19:47.028Z] INFO: GET /api/v1/product/allproducts
[2025-04-12T21:19:50.535Z] INFO: GET /api/v1/product/allproducts
[2025-04-12T21:19:50.559Z] INFO: GET /uploads/1744490000898-820475682.png
[2025-04-12T21:19:50.570Z] INFO: GET /uploads/1744492539475-675758547.png
[2025-04-12T21:19:58.915Z] INFO: GET /api/v1/product/allproducts
[2025-04-12T21:20:22.542Z] INFO: GET /api/v1/product/allproducts
[2025-04-12T21:20:29.109Z] INFO: GET /api/v1/product/allproducts
[2025-04-12T21:20:37.265Z] INFO: GET /api/v1/product/allproducts
[2025-04-12T21:20:43.019Z] INFO: GET /api/v1/product/allproducts
[2025-04-12T21:20:48.145Z] INFO: GET /api/v1/product/allproducts
[2025-04-12T21:21:00.494Z] INFO: GET /api/v1/product/allproducts
[2025-04-12T21:21:11.976Z] INFO: GET /api/v1/product/allproducts
[2025-04-12T21:21:25.202Z] INFO: GET /uploads/1744490000898-820475682.png
[2025-04-12T21:37:00.219Z] ERROR: Database connection error: getaddrinfo EAI_AGAIN mysql_db
[2025-04-12T21:43:54.735Z] INFO: GET /api/v1/product/allproducts
[2025-04-12T21:43:55.853Z] INFO: GET /api/v1/product/allproducts
[2025-04-12T21:43:57.904Z] INFO: GET /api/v1/product/allproducts
[2025-04-12T21:44:01.933Z] INFO: GET /api/v1/product/allproducts
[2025-04-13T18:38:08.902Z] INFO: Database connected Sucessfully!!
[2025-04-13T18:38:26.340Z] INFO: Database connected Sucessfully!!
[2025-04-13T18:38:48.373Z] INFO: GET /api/v1/api-docs/
[2025-04-13T18:38:48.393Z] INFO: GET /api/v1/api-docs/swagger-ui.css
[2025-04-13T18:38:48.395Z] INFO: GET /api/v1/api-docs/swagger-ui-bundle.js
[2025-04-13T18:38:48.397Z] INFO: GET /api/v1/api-docs/swagger-ui-standalone-preset.js
[2025-04-13T18:38:48.398Z] INFO: GET /api/v1/api-docs/swagger-ui-init.js
[2025-04-13T18:38:48.577Z] INFO: GET /api/v1/api-docs/favicon-32x32.png
[2025-04-13T18:40:26.683Z] INFO: GET /api/v1/product/allproducts
[2025-04-13T18:42:42.264Z] INFO: POST /api/v1/product/createProduct
[2025-04-13T18:42:47.188Z] INFO: GET /api/v1/product/allproducts
[2025-04-13T18:44:21.401Z] INFO: GET /api/v1/product/allproducts
[2025-04-13T18:44:21.421Z] INFO: GET /uploads/1744569762270-399898015.png
[2025-04-13T18:44:24.583Z] INFO: GET /api/v1/product/allproducts
[2025-04-13T18:53:16.917Z] INFO: GET /api/v1/product/allproducts
[2025-04-13T18:56:51.294Z] INFO: GET /api/v1/product/allproducts
[2025-04-13T19:02:37.231Z] INFO: GET /api/v1/product/allproducts
[2025-04-13T19:02:41.254Z] INFO: GET /api/v1/product/allproducts
[2025-04-13T19:02:41.268Z] INFO: GET /uploads/1744569762270-399898015.png
[2025-04-13T19:07:24.702Z] INFO: GET /api/v1/product/allproducts
[2025-04-13T19:07:56.891Z] INFO: GET /uploads/1744569762270-399898015.png
[2025-04-13T19:16:28.649Z] INFO: GET /api/v1/product/allproducts
[2025-04-13T19:16:35.779Z] INFO: GET /api/v1/product/allproducts
[2025-04-13T19:16:37.894Z] INFO: GET /api/v1/product/allproducts
[2025-04-13T19:20:45.447Z] INFO: GET /uploads/1744569762270-399898015.png
[2025-04-13T19:41:14.415Z] INFO: GET /api/v1/product/allproducts
[2025-04-13T19:41:26.394Z] INFO: GET /uploads/1744569762270-399898015.png
[2025-04-13T19:54:27.104Z] INFO: GET /api/v1/product/allproducts
[2025-04-13T19:55:30.354Z] INFO: GET /api/v1/product/allproducts
[2025-04-13T19:55:55.913Z] INFO: GET /api/v1/product/allproducts
[2025-04-13T19:55:59.341Z] INFO: GET /api/v1/product/allproducts
[2025-04-13T19:56:17.258Z] INFO: GET /api/v1/product/allproducts
[2025-04-13T19:57:48.849Z] INFO: GET /api/v1/product/allproducts
[2025-04-13T19:58:00.708Z] INFO: GET /api/v1/product/allproducts
[2025-04-13T19:58:19.280Z] INFO: GET /api/v1/product/allproducts
[2025-04-13T19:58:28.144Z] INFO: GET /api/v1/product/allproducts
[2025-04-13T19:58:34.159Z] INFO: GET /api/v1/product/allproducts
[2025-04-13T20:00:14.494Z] INFO: GET /api/v1/product/allproducts
[2025-04-13T20:02:09.881Z] INFO: GET /api/v1/product/allproducts
[2025-04-13T20:03:02.104Z] INFO: GET /api/v1/product/allproducts
[2025-04-13T20:03:54.063Z] INFO: GET /api/v1/product/allproducts
[2025-04-13T20:08:45.383Z] INFO: GET /api/v1/product/allproducts
[2025-04-13T20:08:51.076Z] INFO: GET /api/v1/product/allproducts
[2025-04-13T20:10:13.797Z] INFO: GET /api/v1/product/allproducts
[2025-04-13T20:10:16.206Z] INFO: GET /api/v1/product/allproducts
[2025-04-13T20:11:15.103Z] INFO: GET /api/v1/product/allproducts
[2025-04-13T20:11:20.365Z] INFO: GET /api/v1/product/allproducts
[2025-04-13T20:12:16.042Z] INFO: GET /api/v1/product/allproducts
[2025-04-13T20:12:48.850Z] INFO: Database connected Sucessfully!!
[2025-04-13T20:13:32.357Z] INFO: Database connected Sucessfully!!
[2025-04-13T20:13:58.320Z] INFO: Database connected Sucessfully!!
[2025-04-13T20:14:14.795Z] INFO: Database connected Sucessfully!!
[2025-04-13T20:14:25.814Z] INFO: Database connected Sucessfully!!
[2025-04-13T20:14:28.729Z] INFO: Database connected Sucessfully!!
[2025-04-13T20:14:42.356Z] INFO: Database connected Sucessfully!!
[2025-04-13T20:14:46.348Z] INFO: Database connected Sucessfully!!
[2025-04-13T20:14:50.381Z] INFO: Database connected Sucessfully!!
[2025-04-13T20:14:55.771Z] INFO: Database connected Sucessfully!!
[2025-04-13T20:15:00.326Z] INFO: Database connected Sucessfully!!
[2025-04-13T20:15:09.280Z] INFO: Database connected Sucessfully!!
[2025-04-13T20:15:12.888Z] INFO: Database connected Sucessfully!!
[2025-04-13T20:15:20.700Z] INFO: Database connected Sucessfully!!
[2025-04-13T20:15:22.970Z] INFO: Database connected Sucessfully!!
[2025-04-13T20:15:29.208Z] INFO: Database connected Sucessfully!!
[2025-04-13T20:16:04.273Z] INFO: Database connected Sucessfully!!
[2025-04-13T20:16:23.761Z] INFO: Database connected Sucessfully!!
[2025-04-13T20:16:30.263Z] INFO: Database connected Sucessfully!!
[2025-04-13T20:16:32.828Z] INFO: Database connected Sucessfully!!
[2025-04-13T20:16:36.360Z] INFO: Database connected Sucessfully!!
[2025-04-13T20:16:40.450Z] INFO: Database connected Sucessfully!!
[2025-04-13T20:16:42.438Z] INFO: Database connected Sucessfully!!
[2025-04-13T20:16:52.251Z] INFO: Database connected Sucessfully!!
[2025-04-13T20:17:01.879Z] INFO: Database connected Sucessfully!!
[2025-04-13T20:17:06.238Z] INFO: Database connected Sucessfully!!
[2025-04-13T20:18:03.964Z] INFO: GET /api/v1/product/allproducts
[2025-04-13T20:21:11.431Z] INFO: Database connected Sucessfully!!
[2025-04-13T20:21:16.282Z] INFO: Database connected Sucessfully!!
[2025-04-13T20:21:19.510Z] INFO: Database connected Sucessfully!!
[2025-04-13T20:21:22.914Z] INFO: Database connected Sucessfully!!
[2025-04-13T20:21:34.359Z] INFO: Database connected Sucessfully!!
[2025-04-13T20:21:39.333Z] INFO: Database connected Sucessfully!!
[2025-04-13T20:22:30.396Z] INFO: Database connected Sucessfully!!
[2025-04-13T20:22:34.737Z] INFO: Database connected Sucessfully!!
[2025-04-13T20:23:08.718Z] INFO: Database connected Sucessfully!!
[2025-04-13T20:23:40.514Z] INFO: Database connected Sucessfully!!
[2025-04-13T20:23:58.744Z] INFO: Database connected Sucessfully!!
[2025-04-13T20:24:02.770Z] INFO: Database connected Sucessfully!!
[2025-04-13T20:24:08.452Z] INFO: Database connected Sucessfully!!
[2025-04-13T20:24:13.246Z] INFO: Database connected Sucessfully!!
[2025-04-13T20:24:29.170Z] INFO: Database connected Sucessfully!!
[2025-04-13T20:24:33.467Z] INFO: Database connected Sucessfully!!
[2025-04-13T20:24:39.717Z] INFO: Database connected Sucessfully!!
[2025-04-13T20:24:43.424Z] INFO: Database connected Sucessfully!!
[2025-04-13T20:24:50.970Z] INFO: Database connected Sucessfully!!
[2025-04-13T20:24:57.828Z] INFO: Database connected Sucessfully!!
[2025-04-13T20:25:22.271Z] INFO: Database connected Sucessfully!!
[2025-04-13T20:25:34.304Z] INFO: Database connected Sucessfully!!
[2025-04-13T20:25:39.341Z] INFO: Database connected Sucessfully!!
[2025-04-13T20:25:42.003Z] INFO: Database connected Sucessfully!!
[2025-04-13T20:27:03.208Z] INFO: Database connected Sucessfully!!
[2025-04-13T20:27:11.906Z] INFO: Database connected Sucessfully!!
[2025-04-13T20:27:54.677Z] INFO: Database connected Sucessfully!!
[2025-04-13T20:27:58.315Z] INFO: Database connected Sucessfully!!
[2025-04-13T20:33:19.719Z] INFO: Database connected Sucessfully!!
[2025-04-13T20:33:24.942Z] INFO: GET /api/v1/product/allproducts
[2025-04-13T20:33:28.188Z] INFO: GET /api/v1/api-docs/
[2025-04-13T20:33:28.226Z] INFO: GET /api/v1/api-docs/swagger-ui.css
[2025-04-13T20:33:28.228Z] INFO: GET /api/v1/api-docs/swagger-ui-bundle.js
[2025-04-13T20:33:28.229Z] INFO: GET /api/v1/api-docs/swagger-ui-standalone-preset.js
[2025-04-13T20:33:28.230Z] INFO: GET /api/v1/api-docs/swagger-ui-init.js
[2025-04-13T20:33:28.439Z] INFO: GET /api/v1/api-docs/favicon-32x32.png
[2025-04-13T20:33:53.355Z] INFO: GET /api/v1/analytics-data
[2025-04-13T20:34:48.988Z] INFO: Database connected Sucessfully!!
[2025-04-13T20:34:54.302Z] INFO: Database connected Sucessfully!!
[2025-04-13T20:35:22.664Z] INFO: GET /api/v1/api-docs/
[2025-04-13T20:35:22.683Z] INFO: GET /api/v1/api-docs/swagger-ui.css
[2025-04-13T20:35:22.685Z] INFO: GET /api/v1/api-docs/swagger-ui-bundle.js
[2025-04-13T20:35:22.688Z] INFO: GET /api/v1/api-docs/swagger-ui-standalone-preset.js
[2025-04-13T20:35:22.689Z] INFO: GET /api/v1/api-docs/swagger-ui-init.js
[2025-04-13T20:35:22.890Z] INFO: GET /api/v1/api-docs/favicon-32x32.png
[2025-04-13T20:35:29.423Z] INFO: GET /api/v1/analytics/analytics-data
[2025-04-13T20:35:51.422Z] INFO: Database connected Sucessfully!!
[2025-04-13T20:36:07.878Z] INFO: GET /api/v1/api-docs/
[2025-04-13T20:36:07.897Z] INFO: GET /api/v1/api-docs/swagger-ui.css
[2025-04-13T20:36:07.900Z] INFO: GET /api/v1/api-docs/swagger-ui-bundle.js
[2025-04-13T20:36:07.902Z] INFO: GET /api/v1/api-docs/swagger-ui-standalone-preset.js
[2025-04-13T20:36:07.909Z] INFO: GET /api/v1/api-docs/swagger-ui-init.js
[2025-04-13T20:36:07.996Z] INFO: GET /api/v1/api-docs/favicon-32x32.png
[2025-04-13T20:36:13.662Z] INFO: GET /api/v1/analytics/analytics-data
[2025-04-13T20:36:49.734Z] INFO: Database connected Sucessfully!!
[2025-04-13T20:36:56.670Z] INFO: Database connected Sucessfully!!
[2025-04-13T20:37:00.573Z] INFO: GET /api/v1/api-docs/
[2025-04-13T20:37:00.598Z] INFO: GET /api/v1/api-docs/swagger-ui.css
[2025-04-13T20:37:00.601Z] INFO: GET /api/v1/api-docs/swagger-ui-bundle.js
[2025-04-13T20:37:00.606Z] INFO: GET /api/v1/api-docs/swagger-ui-standalone-preset.js
[2025-04-13T20:37:00.608Z] INFO: GET /api/v1/api-docs/swagger-ui-init.js
[2025-04-13T20:37:00.695Z] INFO: GET /api/v1/api-docs/favicon-32x32.png
[2025-04-13T20:37:05.302Z] INFO: GET /api/v1/analytics/analytics-data
[2025-04-13T20:38:12.347Z] INFO: Database connected Sucessfully!!
[2025-04-13T20:38:16.372Z] INFO: GET /api/v1/api-docs/
[2025-04-13T20:38:16.391Z] INFO: GET /api/v1/api-docs/swagger-ui.css
[2025-04-13T20:38:16.393Z] INFO: GET /api/v1/api-docs/swagger-ui-bundle.js
[2025-04-13T20:38:16.398Z] INFO: GET /api/v1/api-docs/swagger-ui-standalone-preset.js
[2025-04-13T20:38:16.401Z] INFO: GET /api/v1/api-docs/swagger-ui-init.js
[2025-04-13T20:38:16.492Z] INFO: GET /api/v1/api-docs/favicon-32x32.png
[2025-04-13T20:38:19.791Z] INFO: GET /api/v1/analytics/analytics-data
[2025-04-13T20:38:35.300Z] INFO: Database connected Sucessfully!!
[2025-04-13T20:38:40.605Z] INFO: Database connected Sucessfully!!
[2025-04-13T20:38:43.607Z] INFO: Database connected Sucessfully!!
[2025-04-13T20:38:48.237Z] INFO: GET /api/v1/api-docs/
[2025-04-13T20:38:48.256Z] INFO: GET /api/v1/api-docs/swagger-ui.css
[2025-04-13T20:38:48.260Z] INFO: GET /api/v1/api-docs/swagger-ui-bundle.js
[2025-04-13T20:38:48.261Z] INFO: GET /api/v1/api-docs/swagger-ui-standalone-preset.js
[2025-04-13T20:38:48.263Z] INFO: GET /api/v1/api-docs/swagger-ui-init.js
[2025-04-13T20:38:48.356Z] INFO: GET /api/v1/api-docs/favicon-32x32.png
[2025-04-13T20:38:51.365Z] INFO: GET /api/v1/analytics/analytics-data
[2025-04-13T20:39:33.609Z] INFO: Database connected Sucessfully!!
[2025-04-13T20:41:15.312Z] INFO: Database connected Sucessfully!!
[2025-04-13T20:41:30.449Z] INFO: GET /api/v1/api-docs/
[2025-04-13T20:41:30.472Z] INFO: GET /api/v1/api-docs/swagger-ui.css
[2025-04-13T20:41:30.474Z] INFO: GET /api/v1/api-docs/swagger-ui-bundle.js
[2025-04-13T20:41:30.475Z] INFO: GET /api/v1/api-docs/swagger-ui-standalone-preset.js
[2025-04-13T20:41:30.477Z] INFO: GET /api/v1/api-docs/swagger-ui-init.js
[2025-04-13T20:41:30.568Z] INFO: GET /api/v1/api-docs/favicon-32x32.png
[2025-04-13T20:41:33.016Z] INFO: GET /api/v1/analytics/analytics-data
[2025-04-13T20:43:07.570Z] INFO: Database connected Sucessfully!!
[2025-04-13T20:43:08.771Z] INFO: GET /api/v1/api-docs/
[2025-04-13T20:43:08.788Z] INFO: GET /api/v1/api-docs/swagger-ui.css
[2025-04-13T20:43:08.793Z] INFO: GET /api/v1/api-docs/swagger-ui-bundle.js
[2025-04-13T20:43:08.800Z] INFO: GET /api/v1/api-docs/swagger-ui-standalone-preset.js
[2025-04-13T20:43:08.801Z] INFO: GET /api/v1/api-docs/swagger-ui-init.js
[2025-04-13T20:43:08.879Z] INFO: GET /api/v1/api-docs/favicon-32x32.png
[2025-04-13T20:43:12.163Z] INFO: GET /api/v1/analytics/analytics-data
[2025-04-13T20:43:49.682Z] INFO: Database connected Sucessfully!!
[2025-04-13T20:44:02.992Z] INFO: Database connected Sucessfully!!
[2025-04-13T20:45:09.397Z] INFO: Database connected Sucessfully!!
[2025-04-13T20:45:15.929Z] INFO: Database connected Sucessfully!!
[2025-04-13T20:45:25.164Z] INFO: Database connected Sucessfully!!
[2025-04-13T20:45:35.342Z] INFO: Database connected Sucessfully!!
[2025-04-13T20:45:38.523Z] INFO: Database connected Sucessfully!!
[2025-04-13T20:45:48.423Z] INFO: Database connected Sucessfully!!
[2025-04-13T20:45:52.613Z] INFO: Database connected Sucessfully!!
[2025-04-13T20:45:58.979Z] INFO: Database connected Sucessfully!!
[2025-04-13T20:46:02.961Z] INFO: Database connected Sucessfully!!
[2025-04-13T20:46:09.275Z] INFO: Database connected Sucessfully!!
[2025-04-13T20:46:15.565Z] INFO: Database connected Sucessfully!!
[2025-04-13T20:46:19.425Z] INFO: GET /api/v1/api-docs/
[2025-04-13T20:46:19.449Z] INFO: GET /api/v1/api-docs/swagger-ui.css
[2025-04-13T20:46:19.458Z] INFO: GET /api/v1/api-docs/swagger-ui-bundle.js
[2025-04-13T20:46:19.461Z] INFO: GET /api/v1/api-docs/swagger-ui-standalone-preset.js
[2025-04-13T20:46:19.463Z] INFO: GET /api/v1/api-docs/swagger-ui-init.js
[2025-04-13T20:46:19.551Z] INFO: GET /api/v1/api-docs/favicon-32x32.png
[2025-04-13T20:46:23.037Z] INFO: GET /api/v1/analytics/analytics-data
[2025-04-13T20:46:48.262Z] INFO: Database connected Sucessfully!!
[2025-04-13T20:46:54.196Z] INFO: GET /api/v1/api-docs/
[2025-04-13T20:46:54.220Z] INFO: GET /api/v1/api-docs/swagger-ui.css
[2025-04-13T20:46:54.224Z] INFO: GET /api/v1/api-docs/swagger-ui-bundle.js
[2025-04-13T20:46:54.230Z] INFO: GET /api/v1/api-docs/swagger-ui-standalone-preset.js
[2025-04-13T20:46:54.231Z] INFO: GET /api/v1/api-docs/swagger-ui-init.js
[2025-04-13T20:46:54.302Z] INFO: GET /api/v1/api-docs/favicon-32x32.png
[2025-04-13T20:46:57.283Z] INFO: GET /api/v1/analytics/analytics-data
[2025-04-13T20:47:36.699Z] INFO: GET /api/v1/analytics/commodity-trends-data
[2025-04-13T20:48:22.432Z] INFO: GET /api/v1/product/allproducts
[2025-04-13T20:52:24.684Z] INFO: GET /api/v1/product/allproducts
[2025-04-13T20:52:25.903Z] INFO: GET /api/v1/product/allproducts
[2025-04-13T20:53:01.300Z] INFO: GET /api/v1/product/allproducts
[2025-04-13T20:53:04.520Z] INFO: GET /api/v1/product/allproducts
[2025-04-13T20:53:08.374Z] INFO: GET /api/v1/product/allproducts
[2025-04-13T20:53:15.810Z] INFO: GET /api/v1/product/allproducts
[2025-04-13T20:56:58.586Z] INFO: GET /api/v1/product/allproducts
[2025-04-13T20:56:59.501Z] INFO: GET /api/v1/product/allproducts
[2025-04-13T20:57:03.149Z] INFO: GET /api/v1/product/allproducts
[2025-04-13T20:57:19.926Z] INFO: GET /api/v1/product/allproducts
[2025-04-13T20:57:20.634Z] INFO: GET /api/v1/product/allproducts
[2025-04-13T21:03:41.928Z] INFO: GET /api/v1/analytics/analytics-data
[2025-04-13T21:03:41.948Z] INFO: GET /api/v1/analytics/commodity-trends-data
[2025-04-13T21:03:41.955Z] INFO: GET /api/v1/product/allproducts
[2025-04-13T21:03:43.389Z] INFO: GET /api/v1/analytics/analytics-data
[2025-04-13T21:03:43.404Z] INFO: GET /api/v1/analytics/commodity-trends-data
[2025-04-13T21:03:45.444Z] INFO: GET /api/v1/analytics/analytics-data
[2025-04-13T21:03:45.449Z] INFO: GET /api/v1/analytics/commodity-trends-data
[2025-04-13T21:03:45.922Z] INFO: GET /uploads/1744569762270-399898015.png
[2025-04-13T21:07:20.425Z] INFO: GET /api/v1/analytics/analytics-data
[2025-04-13T21:07:20.430Z] INFO: GET /api/v1/analytics/commodity-trends-data
[2025-04-13T21:07:20.437Z] INFO: GET /api/v1/product/allproducts
[2025-04-13T21:07:21.518Z] INFO: GET /api/v1/analytics/commodity-trends-data
[2025-04-13T21:07:21.525Z] INFO: GET /api/v1/analytics/analytics-data
[2025-04-13T21:07:23.581Z] INFO: GET /api/v1/analytics/analytics-data
[2025-04-13T21:07:23.596Z] INFO: GET /api/v1/analytics/commodity-trends-data
[2025-04-13T21:07:27.640Z] INFO: GET /api/v1/analytics/analytics-data
[2025-04-13T21:07:27.671Z] INFO: GET /api/v1/analytics/commodity-trends-data
[2025-04-13T21:08:19.763Z] INFO: Database connected Sucessfully!!
[2025-04-13T21:08:35.676Z] INFO: GET /api/v1/analytics/commodity-trends-data
[2025-04-13T21:09:08.716Z] INFO: GET /api/v1/analytics/commodity-trends-data
[2025-04-13T21:09:25.045Z] INFO: GET /api/v1/product/allproducts
[2025-04-13T21:09:25.056Z] INFO: GET /api/v1/analytics/analytics-data
[2025-04-13T21:09:25.060Z] INFO: GET /api/v1/analytics/commodity-trends-data
[2025-04-13T21:09:28.249Z] INFO: GET /api/v1/analytics/commodity-trends-data
[2025-04-13T21:09:31.851Z] INFO: GET /api/v1/analytics/analytics-data
[2025-04-13T21:09:31.854Z] INFO: GET /api/v1/analytics/commodity-trends-data
[2025-04-13T21:09:31.872Z] INFO: GET /api/v1/product/allproducts
[2025-04-13T21:09:32.958Z] INFO: GET /api/v1/analytics/analytics-data
[2025-04-13T21:09:34.908Z] INFO: GET /api/v1/analytics/commodity-trends-data
[2025-04-13T21:09:35.012Z] INFO: GET /api/v1/analytics/analytics-data
[2025-04-13T21:09:36.955Z] INFO: GET /api/v1/analytics/commodity-trends-data
[2025-04-13T21:09:39.047Z] INFO: GET /api/v1/analytics/analytics-data
[2025-04-13T21:09:40.997Z] INFO: GET /api/v1/analytics/commodity-trends-data
[2025-04-13T21:10:06.161Z] INFO: GET /api/v1/analytics/analytics-data
[2025-04-13T21:10:06.165Z] INFO: GET /api/v1/analytics/commodity-trends-data
[2025-04-13T21:10:06.169Z] INFO: GET /api/v1/product/allproducts
[2025-04-13T21:10:15.816Z] INFO: GET /uploads/1744569762270-399898015.png
[2025-04-13T21:15:00.599Z] INFO: GET /api/v1/analytics/analytics-data
[2025-04-13T21:15:00.606Z] INFO: GET /api/v1/analytics/commodity-trends-data
[2025-04-13T21:15:00.609Z] INFO: GET /api/v1/product/allproducts
[2025-04-13T21:15:03.540Z] INFO: GET /api/v1/analytics/analytics-data
[2025-04-13T21:15:23.142Z] INFO: GET /api/v1/analytics/analytics-data
[2025-04-13T21:15:23.146Z] INFO: GET /api/v1/analytics/commodity-trends-data
[2025-04-13T21:15:23.150Z] INFO: GET /api/v1/product/allproducts
[2025-04-13T21:15:25.960Z] INFO: GET /api/v1/analytics/commodity-trends-data
[2025-04-13T21:16:33.818Z] INFO: GET /api/v1/analytics/analytics-data
[2025-04-13T21:16:33.824Z] INFO: GET /api/v1/analytics/commodity-trends-data
[2025-04-13T21:16:33.833Z] INFO: GET /api/v1/product/allproducts
[2025-04-13T21:16:36.118Z] INFO: GET /api/v1/product/allproducts
[2025-04-13T21:16:36.125Z] INFO: GET /api/v1/analytics/analytics-data
[2025-04-13T21:16:36.621Z] INFO: GET /api/v1/analytics/commodity-trends-data
[2025-04-13T21:16:44.526Z] INFO: GET /api/v1/analytics/analytics-data
[2025-04-13T21:16:44.529Z] INFO: GET /api/v1/analytics/commodity-trends-data
[2025-04-13T21:16:44.531Z] INFO: GET /api/v1/product/allproducts
[2025-04-13T21:16:47.427Z] INFO: GET /api/v1/analytics/analytics-data
[2025-04-13T21:16:47.463Z] INFO: GET /api/v1/analytics/commodity-trends-data
[2025-04-13T21:16:49.483Z] INFO: GET /api/v1/analytics/analytics-data
[2025-04-13T21:16:49.503Z] INFO: GET /api/v1/analytics/commodity-trends-data
[2025-04-13T21:16:53.512Z] INFO: GET /api/v1/analytics/analytics-data
[2025-04-13T21:16:53.535Z] INFO: GET /api/v1/analytics/commodity-trends-data
[2025-04-13T21:17:10.091Z] INFO: GET /api/v1/analytics/analytics-data
[2025-04-13T21:17:10.094Z] INFO: GET /api/v1/analytics/commodity-trends-data
[2025-04-13T21:17:10.099Z] INFO: GET /api/v1/product/allproducts
[2025-04-13T21:17:12.939Z] INFO: GET /api/v1/analytics/analytics-data
[2025-04-13T21:19:05.414Z] INFO: GET /api/v1/analytics/analytics-data
[2025-04-13T21:19:05.418Z] INFO: GET /api/v1/analytics/commodity-trends-data
[2025-04-13T21:19:05.424Z] INFO: GET /api/v1/product/allproducts
[2025-04-13T21:19:08.477Z] INFO: GET /api/v1/analytics/commodity-trends-data
[2025-04-13T21:19:08.481Z] INFO: GET /api/v1/analytics/analytics-data
[2025-04-13T21:19:10.555Z] INFO: GET /api/v1/analytics/analytics-data
[2025-04-13T21:19:10.558Z] INFO: GET /api/v1/analytics/commodity-trends-data
[2025-04-13T21:19:14.616Z] INFO: GET /api/v1/analytics/analytics-data
[2025-04-13T21:19:14.619Z] INFO: GET /api/v1/analytics/commodity-trends-data
[2025-04-13T21:19:25.854Z] INFO: GET /api/v1/analytics/analytics-data
[2025-04-13T21:19:25.860Z] INFO: GET /api/v1/analytics/commodity-trends-data
[2025-04-13T21:19:25.866Z] INFO: GET /api/v1/product/allproducts
[2025-04-13T21:19:27.045Z] INFO: GET /api/v1/analytics/commodity-trends-data
[2025-04-13T21:19:28.684Z] INFO: GET /api/v1/analytics/analytics-data
[2025-04-13T21:19:29.102Z] INFO: GET /api/v1/analytics/commodity-trends-data
[2025-04-13T21:19:30.764Z] INFO: GET /api/v1/analytics/analytics-data
[2025-04-13T21:19:33.132Z] INFO: GET /api/v1/analytics/commodity-trends-data
[2025-04-13T21:19:34.823Z] INFO: GET /api/v1/analytics/analytics-data
[2025-04-13T21:19:56.206Z] INFO: GET /api/v1/analytics/analytics-data
[2025-04-13T21:19:56.210Z] INFO: GET /api/v1/analytics/commodity-trends-data
[2025-04-13T21:19:56.213Z] INFO: GET /api/v1/product/allproducts
[2025-04-13T21:19:57.303Z] INFO: GET /api/v1/analytics/commodity-trends-data
[2025-04-13T21:19:58.934Z] INFO: GET /api/v1/analytics/analytics-data
[2025-04-13T21:19:59.336Z] INFO: GET /api/v1/analytics/commodity-trends-data
[2025-04-13T21:20:00.963Z] INFO: GET /api/v1/analytics/analytics-data
[2025-04-13T21:20:03.383Z] INFO: GET /api/v1/analytics/commodity-trends-data
[2025-04-13T21:20:04.992Z] INFO: GET /api/v1/analytics/analytics-data
[2025-04-13T21:20:11.694Z] INFO: GET /api/v1/analytics/analytics-data
[2025-04-13T21:20:11.697Z] INFO: GET /api/v1/analytics/commodity-trends-data
[2025-04-13T21:20:11.700Z] INFO: GET /api/v1/product/allproducts
[2025-04-13T21:20:12.769Z] INFO: GET /api/v1/analytics/analytics-data
[2025-04-13T21:20:12.772Z] INFO: GET /api/v1/analytics/commodity-trends-data
[2025-04-13T21:20:14.829Z] INFO: GET /api/v1/analytics/analytics-data
[2025-04-13T21:20:14.834Z] INFO: GET /api/v1/analytics/commodity-trends-data
[2025-04-13T21:20:18.889Z] INFO: GET /api/v1/analytics/analytics-data
[2025-04-13T21:20:18.892Z] INFO: GET /api/v1/analytics/commodity-trends-data
[2025-04-13T21:20:50.376Z] INFO: GET /api/v1/analytics/analytics-data
[2025-04-13T21:20:50.379Z] INFO: GET /api/v1/analytics/commodity-trends-data
[2025-04-13T21:20:50.382Z] INFO: GET /api/v1/product/allproducts
[2025-04-13T21:20:51.452Z] INFO: GET /api/v1/analytics/commodity-trends-data
[2025-04-13T21:20:53.508Z] INFO: GET /api/v1/analytics/commodity-trends-data
[2025-04-13T21:20:57.556Z] INFO: GET /api/v1/analytics/commodity-trends-data
[2025-04-13T21:24:12.326Z] INFO: GET /api/v1/product/allproducts
[2025-04-13T21:24:12.335Z] INFO: GET /api/v1/analytics/commodity-trends-data
[2025-04-13T21:24:12.347Z] INFO: GET /api/v1/analytics/analytics-data
[2025-04-13T21:24:13.478Z] INFO: GET /api/v1/analytics/commodity-trends-data
[2025-04-13T21:24:14.490Z] INFO: GET /api/v1/analytics/analytics-data
[2025-04-13T21:24:15.516Z] INFO: GET /api/v1/analytics/commodity-trends-data
[2025-04-13T21:24:18.524Z] INFO: GET /api/v1/analytics/analytics-data
[2025-04-13T21:24:19.597Z] INFO: GET /api/v1/analytics/commodity-trends-data
[2025-04-13T21:28:33.515Z] INFO: GET /api/v1/product/allproducts
[2025-04-13T21:28:33.517Z] INFO: GET /api/v1/analytics/analytics-data
[2025-04-13T21:28:33.520Z] INFO: GET /api/v1/analytics/commodity-trends-data
[2025-04-13T21:28:34.613Z] INFO: GET /api/v1/analytics/commodity-trends-data
[2025-04-13T21:29:46.201Z] INFO: GET /api/v1/analytics/analytics-data
[2025-04-13T21:29:46.205Z] INFO: GET /api/v1/analytics/commodity-trends-data
[2025-04-13T21:29:46.210Z] INFO: GET /api/v1/product/allproducts
[2025-04-13T21:29:49.262Z] INFO: GET /api/v1/analytics/commodity-trends-data
[2025-04-13T21:31:38.184Z] INFO: GET /api/v1/analytics/analytics-data
[2025-04-13T21:31:38.189Z] INFO: GET /api/v1/analytics/commodity-trends-data
[2025-04-13T21:31:38.194Z] INFO: GET /api/v1/product/allproducts
[2025-04-13T21:31:41.365Z] INFO: GET /api/v1/analytics/analytics-data
[2025-04-13T21:32:35.254Z] INFO: GET /api/v1/analytics/analytics-data
[2025-04-13T21:32:35.261Z] INFO: GET /api/v1/analytics/commodity-trends-data
[2025-04-13T21:32:35.272Z] INFO: GET /api/v1/product/allproducts
[2025-04-13T21:37:42.311Z] INFO: GET /api/v1/analytics/analytics-data
[2025-04-13T21:37:42.314Z] INFO: GET /api/v1/analytics/commodity-trends-data
[2025-04-13T21:37:42.316Z] INFO: GET /api/v1/product/allproducts
[2025-04-13T21:39:24.660Z] INFO: GET /api/v1/product/allproducts
[2025-04-13T21:39:24.664Z] INFO: GET /api/v1/analytics/analytics-data
[2025-04-13T21:39:24.696Z] INFO: GET /api/v1/analytics/commodity-trends-data
[2025-04-13T21:39:28.152Z] INFO: GET /api/v1/analytics/analytics-data
[2025-04-13T21:39:34.315Z] INFO: GET /api/v1/analytics/analytics-data
[2025-04-13T21:39:34.318Z] INFO: GET /api/v1/analytics/commodity-trends-data
[2025-04-13T21:39:34.321Z] INFO: GET /api/v1/product/allproducts
[2025-04-13T21:39:43.720Z] INFO: GET /api/v1/analytics/analytics-data
[2025-04-13T21:39:43.727Z] INFO: GET /api/v1/analytics/commodity-trends-data
[2025-04-13T21:39:43.739Z] INFO: GET /api/v1/product/allproducts
[2025-04-13T21:41:43.777Z] INFO: GET /api/v1/product/allproducts
[2025-04-13T21:41:43.783Z] INFO: GET /api/v1/analytics/analytics-data
[2025-04-13T21:41:43.789Z] INFO: GET /api/v1/analytics/commodity-trends-data
[2025-04-13T21:41:44.899Z] INFO: GET /api/v1/analytics/commodity-trends-data
[2025-04-13T21:42:09.077Z] INFO: GET /api/v1/analytics/analytics-data
[2025-04-13T21:42:09.084Z] INFO: GET /api/v1/analytics/commodity-trends-data
[2025-04-13T21:42:09.089Z] INFO: GET /api/v1/product/allproducts
[2025-04-13T21:42:11.835Z] INFO: GET /api/v1/analytics/commodity-trends-data
[2025-04-13T21:43:08.076Z] INFO: GET /api/v1/analytics/analytics-data
[2025-04-13T21:43:08.146Z] INFO: GET /api/v1/analytics/commodity-trends-data
[2025-04-13T21:43:08.244Z] INFO: GET /api/v1/product/allproducts
[2025-04-13T21:43:56.233Z] INFO: GET /api/v1/analytics/analytics-data
[2025-04-13T21:43:56.235Z] INFO: GET /api/v1/analytics/commodity-trends-data
[2025-04-13T21:43:56.238Z] INFO: GET /api/v1/product/allproducts
[2025-04-13T21:43:59.079Z] INFO: GET /api/v1/analytics/commodity-trends-data
[2025-04-13T21:44:05.684Z] INFO: GET /api/v1/analytics/analytics-data
[2025-04-13T21:44:05.689Z] INFO: GET /api/v1/analytics/commodity-trends-data
[2025-04-13T21:44:05.693Z] INFO: GET /api/v1/product/allproducts
[2025-04-13T21:44:06.770Z] INFO: GET /api/v1/analytics/analytics-data
[2025-04-13T21:44:25.909Z] INFO: GET /api/v1/analytics/analytics-data
[2025-04-13T21:44:25.912Z] INFO: GET /api/v1/analytics/commodity-trends-data
[2025-04-13T21:44:25.915Z] INFO: GET /api/v1/product/allproducts
[2025-04-13T21:44:39.932Z] INFO: GET /api/v1/analytics/commodity-trends-data
[2025-04-13T21:45:10.890Z] INFO: GET /api/v1/product/allproducts
[2025-04-13T21:45:10.893Z] INFO: GET /api/v1/analytics/analytics-data
[2025-04-13T21:45:10.895Z] INFO: GET /api/v1/analytics/commodity-trends-data
[2025-04-13T21:45:11.970Z] INFO: GET /api/v1/analytics/commodity-trends-data
[2025-04-13T21:45:31.464Z] INFO: GET /api/v1/product/allproducts
[2025-04-13T21:45:31.468Z] INFO: GET /api/v1/analytics/analytics-data
[2025-04-13T21:45:31.472Z] INFO: GET /api/v1/analytics/commodity-trends-data
[2025-04-13T21:45:34.270Z] INFO: GET /api/v1/analytics/commodity-trends-data
[2025-04-13T21:46:58.214Z] INFO: GET /api/v1/product/allproducts
[2025-04-13T21:46:58.216Z] INFO: GET /api/v1/analytics/analytics-data
[2025-04-13T21:46:58.221Z] INFO: GET /api/v1/analytics/commodity-trends-data
[2025-04-13T22:03:48.040Z] INFO: GET /api/v1/product/allproducts
[2025-04-13T22:03:48.050Z] INFO: GET /api/v1/analytics/commodity-trends-data
[2025-04-13T22:03:48.056Z] INFO: GET /api/v1/analytics/analytics-data
[2025-04-13T22:03:50.155Z] INFO: GET /api/v1/analytics/analytics-data
[2025-04-13T22:03:51.922Z] INFO: GET /api/v1/analytics/analytics-data
[2025-04-13T22:03:51.926Z] INFO: GET /api/v1/analytics/commodity-trends-data
[2025-04-13T22:03:51.932Z] INFO: GET /api/v1/product/allproducts
[2025-04-13T22:03:54.926Z] INFO: GET /api/v1/analytics/commodity-trends-data
[2025-04-13T22:04:03.109Z] INFO: GET /api/v1/analytics/commodity-trends-data
[2025-04-13T22:10:56.902Z] INFO: GET /api/v1/product/allproducts
[2025-04-13T22:10:56.904Z] INFO: GET /api/v1/analytics/analytics-data
[2025-04-13T22:10:56.912Z] INFO: GET /api/v1/analytics/commodity-trends-data
[2025-04-13T22:11:00.674Z] INFO: GET /api/v1/analytics/analytics-data
[2025-04-13T22:11:00.682Z] INFO: GET /api/v1/analytics/commodity-trends-data
[2025-04-13T22:11:00.686Z] INFO: GET /api/v1/product/allproducts
[2025-04-13T22:11:01.746Z] INFO: GET /api/v1/analytics/commodity-trends-data
[2025-04-13T22:11:01.748Z] INFO: GET /api/v1/analytics/analytics-data
[2025-04-13T22:11:03.813Z] INFO: GET /api/v1/analytics/commodity-trends-data
[2025-04-13T22:11:08.351Z] INFO: GET /api/v1/analytics/analytics-data
[2025-04-13T22:11:08.358Z] INFO: GET /api/v1/analytics/commodity-trends-data
[2025-04-13T22:11:08.363Z] INFO: GET /api/v1/product/allproducts
[2025-04-13T22:11:09.471Z] INFO: GET /api/v1/analytics/analytics-data
[2025-04-13T22:11:11.516Z] INFO: GET /api/v1/analytics/analytics-data
[2025-04-13T22:13:42.132Z] INFO: GET /api/v1/product/allproducts
[2025-04-13T22:13:42.135Z] INFO: GET /api/v1/analytics/analytics-data
[2025-04-13T22:13:42.141Z] INFO: GET /api/v1/analytics/commodity-trends-data
